---
source: core/src/local_runtime/tests_serde.rs
expression: "RuntimeEvent::EnteredReviewMode(EnteredReviewMode::new(ReviewTarget::Uncommitted,\nSome(\"review uncommitted changes\".to_string()),),)"
---
{
  "EnteredReviewMode": {
    "target": "uncommitted",
    "user_facing_hint": "review uncommitted changes"
  }
}
