---
source: core/src/local_runtime/tests_serde.rs
expression: "RuntimeCommand::start_review(ReviewTarget::Custom\n{ instructions: \"look for SQL injection\".to_string(), }, None,\nAutonomyMode::Suggest, RuntimeEntrypoint::Tui, PathBuf::from(\"/repo\"),)"
---
{
  "StartReview": {
    "target": {
      "custom": {
        "instructions": "look for SQL injection"
      }
    },
    "autonomy_mode": "suggest",
    "entrypoint": "tui",
    "cwd": "/repo"
  }
}
