---
source: core/src/local_runtime/tests_serde.rs
expression: "RuntimeEvent::SessionEnded(SessionEnded::new(fixed_session_id(),\nRuntimeSessionStatus::Completed, Some(\"user finished\".to_string()),))"
---
{
  "SessionEnded": {
    "session_id": "11111111-1111-1111-1111-111111111111",
    "final_status": "completed",
    "reason": "user finished"
  }
}
