---
source: core/src/local_runtime/tests_serde.rs
expression: "RuntimeCommand::start_review(ReviewTarget::Commit\n{ sha: \"deadbeef\".to_string(), title: Some(\"fix auth bug\".to_string()), },\nSome(\"focus on error handling\".to_string()), AutonomyMode::Assist,\nRuntimeEntrypoint::Exec, PathBuf::from(\"/repo\"),)"
---
{
  "StartReview": {
    "target": {
      "commit": {
        "sha": "deadbeef",
        "title": "fix auth bug"
      }
    },
    "prompt": "focus on error handling",
    "autonomy_mode": "assist",
    "entrypoint": "exec",
    "cwd": "/repo"
  }
}
