---
source: core/src/local_runtime/tests_serde.rs
expression: "RuntimeEvent::SessionStarted(SessionStarted::new(fixed_session()))"
---
{
  "SessionStarted": {
    "session": {
      "id": "11111111-1111-1111-1111-111111111111",
      "created_at": "2023-11-14T22:13:20Z",
      "cwd": "/repo",
      "entrypoint": "tui",
      "autonomy_mode": "assist",
      "status": "active"
    }
  }
}
