---
source: core/src/local_runtime/tests_serde.rs
expression: "RuntimeEvent::EnteredReviewMode(EnteredReviewMode::new(ReviewTarget::Custom\n{ instructions: \"audit error paths\".to_string(), }, None::<String>,),)"
---
{
  "EnteredReviewMode": {
    "target": {
      "custom": {
        "instructions": "audit error paths"
      }
    }
  }
}
