---
source: core/src/local_runtime/tests_serde.rs
expression: "RuntimeEvent::TaskCompleted(TaskCompleted::new(fixed_task_id(),\nSome(\"task completed\".to_string()),\nvec![\"cargo test -p vac-core\".to_string()],))"
---
{
  "TaskCompleted": {
    "task_id": "22222222-2222-2222-2222-222222222222",
    "summary": "task completed",
    "evidence": [
      "cargo test -p vac-core"
    ]
  }
}
