---
source: core/src/local_runtime/tests_serde.rs
expression: "RuntimeEvent::TaskFailed(TaskFailed::new(fixed_task_id(),\nfixed_runtime_error(),))"
---
{
  "TaskFailed": {
    "task_id": "22222222-2222-2222-2222-222222222222",
    "error": {
      "code": "validation_failed",
      "message": "validation failed",
      "recovery_hint": "re-run the test command",
      "retry_safe": true,
      "owner": "internal"
    }
  }
}
