---
source: crates/surfaces/tui/src/app/tests.rs.inc
assertion_line: 3772
expression: rendered
---
● ● ●     vac · interactive   first launch 


hydrating startup snapshot ─
╭Vastar Agentic CLI──────────────────╮╭Runtime─────────────────────────────╮
│●  version        <VERSION> control-││●  runtime        host      in-proce│
│●  provider       default   runtime ││●  isolation      policy    executio│
│●  model          gpt-5.4   runtime ││●  autopilot      runtime   schedule│
│●  fallback       configure loaded f││●  mcp            runtime   configur│
│●  profile        runtime   tool pol││●  sessions       runtime   history │
│●  rulebook       vil.core  control-││●  vil detect     workspace inventor│
│●  reasoning      xhigh     active e││                                    │
│●  tier           fast      low-late││                                    │
│                                    ││                                    │
│                                    ││                                    │
│                                    ││                                    │
│                                    ││                                    │
│                                    ││                                    │
│                                    ││                                    │
│                                    ││                                    │
│                                    ││                                    │
│                                    ││                                    │
╰────────────────────────────────────╯╰────────────────────────────────────╯
ready
 VIL-native    type / for commands, /help to explore, or start typing a task
recent   no recent task loaded


 INPUT  │ model claude-sonnet-4.5 │ 0 tok │ manual │ valid 100% │ profile ru
