---
source: tui/src/model_migration.rs
expression: terminal.backend()
---

> VAC just got an upgrade. Introducing gpt-5.1-vac-mini.

  We recommend switching from gpt-5-vac-mini to
  gpt-5.1-vac-mini.

  Optimized for vac. Cheaper, faster, but less capable.
  Learn more about gpt-5.1-vac-mini at
  https://www.vac.com/models/gpt-5.1-vac-mini

  Press enter to continue
