---
source: tui/src/model_migration.rs
expression: terminal.backend()
---

> VAC just got an upgrade. Introducing gpt-5.1-vac-max.

  We recommend switching from gpt-5-vac to gpt-5.1-vac-max.

  VAC-optimized flagship for deep and fast reasoning. Learn
  more about gpt-5.1-vac-max at
  https://www.vac.com/models/gpt-5.1-vac-max

  Press enter to continue
