---
source: crates/surfaces/tui/src/history_cell/split_006_finalmessageseparator.rs.inc
expression: rendered
---
● ● ●     vac · interactive   first launch 


  V A C  Vastar Agentic CLI  test
         VAC operator console · local runtime · control-plane hardening acti
         cwd /tmp/project · session local

hydrating startup snapshot ─────────────────────────────────────────────────
VAC                                   Runtime
● version   test · control-plane harde● runtime   host · in-process owner-na
● provider  default · runtime selected● isolation policy · execution gates a
● model     gpt-5 · runtime selected  ● autopilot runtime · scheduler state
● fallback  configured · loaded from p● mcp       runtime · configured conne
● profile   runtime · tool policy load● sessions  runtime · history loaded i
● rulebook  runtime · control-plane co● workspace registry · inventory resol
● permissionsYOLO mode · operator-gate


ready ─────────────────────────────────────────────────
 VAC    type / for commands, /help to explore, or start typing a task.
recent   no recent task loaded

▸ /help · /model · /resume · /runtime · shift+tab plan mode





 INPUT  │ model gpt-5 │ 0 tok │ manual │ valid runtime │ rulebook runtime
