---
source: crates/surfaces/tui/src/chatwidget/tests/side.rs
expression: normalized_backend_snapshot(terminal.backend())
---
"                                                                                "
"◦ Working (5s • esc to interrupt)                                               "
"                                                                                "
"                                                                                "
"› Ask VAC to do anything                                                        "
"                                                                                "
"  gpt-5.5 auto                                                Side starting...  "
