---
source: crates/surfaces/tui/src/chatwidget/tests/status_and_layout.rs.inc
assertion_line: 1599
expression: normalized_backend_snapshot(terminal.backend())
---
"                                                                                "
"                                                                                "
"› Ask VAC to do anything                                                        "
"                                                                                "
"  gpt-5.4 xhigh fast · Context 100% left · /tmp/project                         "
