---
source: tui/src/chatwidget/tests/status_and_layout.rs
assertion_line: 1565
expression: normalized_backend_snapshot(terminal.backend())
---
"                                                                                "
"                                                                                "
"› Ask VAC to do anything                                                        "
"                                                                                "
"  gpt-5.4 Extra high fast · /tmp/project                                        "
