---
source: crates/surfaces/tui/src/chatwidget/tests/exec_flow.rs
assertion_line: 36
expression: "format!(\"{buf:?}\")"
---
Buffer {
    area: Rect { x: 0, y: 0, width: 80, height: 21 },
    content: [
        "                                                                                ",
        "                                                                                ",
        "  approval required                                                             ",
        "                                                                                ",
        "  action kind  BASH  the agent wants to run a shell command                     ",
        "  cwd          /tmp/project                                                     ",
        "  context      runtime host · network inherit · writes policy-gated             ",
        "  risk         process execution · operator approval required                   ",
        "  policy       this is a test reason such as one that would be produced by the  ",
        "  model                                                                         ",
        "  batch        batch 1/1 — policy-gated approval queue                          ",
        "                                                                                ",
        "  $ echo hello world                                                            ",
        "                                                                                ",
        "  hotkeys  y approve once   a approve+remember   n reject   r reject with       ",
        "  reason                                                                        ",
        "                                                                                ",
        "› 1. approve once (y)                                                           ",
        "  2. reject with reason (esc)                                                   ",
        "                                                                                ",
        "  Press enter to confirm or esc to cancel                                       ",
    ],
    styles: [
        x: 0, y: 0, fg: Reset, bg: Rgb(7, 13, 20), underline: Reset, modifier: NONE,
        x: 2, y: 2, fg: Reset, bg: Rgb(7, 13, 20), underline: Reset, modifier: BOLD,
        x: 19, y: 2, fg: Reset, bg: Rgb(7, 13, 20), underline: Reset, modifier: NONE,
        x: 2, y: 4, fg: Reset, bg: Rgb(7, 13, 20), underline: Reset, modifier: DIM,
        x: 15, y: 4, fg: Reset, bg: Rgb(7, 13, 20), underline: Reset, modifier: BOLD,
        x: 19, y: 4, fg: Reset, bg: Rgb(7, 13, 20), underline: Reset, modifier: DIM,
        x: 59, y: 4, fg: Reset, bg: Rgb(7, 13, 20), underline: Reset, modifier: NONE,
        x: 2, y: 5, fg: Reset, bg: Rgb(7, 13, 20), underline: Reset, modifier: DIM,
        x: 15, y: 5, fg: Reset, bg: Rgb(7, 13, 20), underline: Reset, modifier: NONE,
        x: 2, y: 6, fg: Reset, bg: Rgb(7, 13, 20), underline: Reset, modifier: DIM,
        x: 15, y: 6, fg: Reset, bg: Rgb(7, 13, 20), underline: Reset, modifier: NONE,
        x: 27, y: 6, fg: Reset, bg: Rgb(7, 13, 20), underline: Reset, modifier: DIM,
        x: 30, y: 6, fg: Reset, bg: Rgb(7, 13, 20), underline: Reset, modifier: NONE,
        x: 45, y: 6, fg: Reset, bg: Rgb(7, 13, 20), underline: Reset, modifier: DIM,
        x: 48, y: 6, fg: Reset, bg: Rgb(7, 13, 20), underline: Reset, modifier: NONE,
        x: 2, y: 7, fg: Reset, bg: Rgb(7, 13, 20), underline: Reset, modifier: DIM,
        x: 15, y: 7, fg: Reset, bg: Rgb(7, 13, 20), underline: Reset, modifier: NONE,
        x: 2, y: 8, fg: Reset, bg: Rgb(7, 13, 20), underline: Reset, modifier: DIM,
        x: 15, y: 8, fg: Reset, bg: Rgb(7, 13, 20), underline: Reset, modifier: NONE,
        x: 2, y: 10, fg: Reset, bg: Rgb(7, 13, 20), underline: Reset, modifier: DIM,
        x: 15, y: 10, fg: Reset, bg: Rgb(7, 13, 20), underline: Reset, modifier: NONE,
        x: 4, y: 12, fg: Rgb(137, 180, 250), bg: Rgb(7, 13, 20), underline: Reset, modifier: NONE,
        x: 8, y: 12, fg: Rgb(205, 214, 244), bg: Rgb(7, 13, 20), underline: Reset, modifier: NONE,
        x: 20, y: 12, fg: Reset, bg: Rgb(7, 13, 20), underline: Reset, modifier: NONE,
        x: 2, y: 14, fg: Reset, bg: Rgb(7, 13, 20), underline: Reset, modifier: DIM,
        x: 73, y: 14, fg: Reset, bg: Rgb(7, 13, 20), underline: Reset, modifier: NONE,
        x: 2, y: 15, fg: Reset, bg: Rgb(7, 13, 20), underline: Reset, modifier: DIM,
        x: 8, y: 15, fg: Reset, bg: Rgb(7, 13, 20), underline: Reset, modifier: NONE,
        x: 0, y: 17, fg: Cyan, bg: Rgb(7, 13, 20), underline: Reset, modifier: BOLD,
        x: 21, y: 17, fg: Reset, bg: Rgb(7, 13, 20), underline: Reset, modifier: NONE,
        x: 25, y: 18, fg: Reset, bg: Rgb(7, 13, 20), underline: Reset, modifier: DIM,
        x: 28, y: 18, fg: Reset, bg: Rgb(7, 13, 20), underline: Reset, modifier: NONE,
        x: 2, y: 20, fg: Reset, bg: Rgb(7, 13, 20), underline: Reset, modifier: DIM,
    ]
}
