---
source: crates/surfaces/tui/src/chatwidget/tests/status_and_layout.rs.inc
expression: normalize_snapshot_paths(term.backend().vt100().screen().contents())
---



























• I’m going to search the repo for where “Change Approved” is rendered to update
  that view.
● ● ●     vac · interactive   agent working 
 
 
you  11:35:51
 
• Investigating rendering code (0s • esc to interrupt)
 
 
› Summarize recent commits
 
  tab to queue message                                       100% context left
