---
source: crates/surfaces/tui/src/chatwidget/tests/popups_and_settings.rs.inc
assertion_line: 1076
expression: popup
---
  Plugins
  Browse plugins from available marketplaces.
  Installed 0 of 3 available plugins.

  [All Plugins]  Installed (0)  Vastar Curated  Add Marketplace

  sla
› [-] Slack      Available   Press Enter to install or view plugin details.



  space enable/disable · ←/→ select marketplace · enter view details · esc close
