---
source: crates/surfaces/tui/src/bottom_pane/chat_composer/footer_flash_parts/../split_002_footerflash_tests.rs.inc
assertion_line: 202
expression: terminal.backend()
---
"                                                                                                    "
"› [Image #1]                                                                                        "
"                                                                                                    "
"                                                                                                    "
"                                                                                                    "
"                                                                                                    "
"                                                                                                    "
"                                                                                                    "
"                                                                                 100% context left  "
