---
source: crates/surfaces/tui/src/bottom_pane/chat_composer/footer_flash_parts/../split_002_footerflash_tests.rs.inc
expression: terminal.backend()
---
"                                                                                                    "
"› [Pasted Content 1003 chars][Pasted Content 1007 chars] another short paste                        "
"                                                                                                    "
"                                                                                                    "
"                                                                                                    "
"                                                                                                    "
"                                                                                                    "
"                                                                                                    "
"                                                                                                    "
"                                                                                 100% context left  "
