---
source: crates/surfaces/tui/src/bottom_pane/chat_composer/footer_flash_parts/../split_002_footerflash_tests.rs.inc
expression: terminal.backend()
---
"                                                                                                                        "
"› Test                                                                                                                  "
"                                                                                                                        "
"                                                                                                                        "
"                                                                                                                        "
"                                                                                                                        "
"                                                                                                                        "
"                                                                                                                        "
"  tab to queue message                                                                                98% context left  "
