---
source: crates/surfaces/tui/src/bottom_pane/approval_overlay.rs.inc
expression: "format!(\"{buf:?}\")"
---
Buffer {
    area: Rect { x: 0, y: 0, width: 100, height: 20 },
    content: [
        "                                                                                                    ",
        "  approval required                                                                                 ",
        "                                                                                                    ",
        "  action kind  BASH  the agent wants to run a shell command                                         ",
        "  cwd          /workspace                                                                           ",
        "  context      runtime host · network host example.com · writes policy-gated                        ",
        "  risk         network access · operator approval required                                          ",
        "  policy       network request blocked                                                              ",
        "  batch        batch 1/1 — policy-gated approval queue                                              ",
        "                                                                                                    ",
        "  $ curl https://example.com                                                                        ",
        "                                                                                                    ",
        "  hotkeys  y approve once   a approve+remember   n reject   r reject with reason                    ",
        "                                                                                                    ",
        "› 1. approve once (y)                                                                               ",
        "  2. approve+remember · host for this conversation (a)                                              ",
        "  3. approve+remember · allow host (p)                                                              ",
        "  4. reject with reason (esc)                                                                       ",
        "                                                                                                    ",
        "  Press enter to confirm or esc to cancel                                                           ",
    ],
    styles: [
        x: 0, y: 0, fg: Reset, bg: Reset, underline: Reset, modifier: NONE,
        x: 2, y: 1, fg: Reset, bg: Reset, underline: Reset, modifier: BOLD,
        x: 19, y: 1, fg: Reset, bg: Reset, underline: Reset, modifier: NONE,
        x: 2, y: 3, fg: Reset, bg: Reset, underline: Reset, modifier: DIM,
        x: 15, y: 3, fg: Reset, bg: Reset, underline: Reset, modifier: BOLD,
        x: 19, y: 3, fg: Reset, bg: Reset, underline: Reset, modifier: DIM,
        x: 59, y: 3, fg: Reset, bg: Reset, underline: Reset, modifier: NONE,
        x: 2, y: 4, fg: Reset, bg: Reset, underline: Reset, modifier: DIM,
        x: 15, y: 4, fg: Reset, bg: Reset, underline: Reset, modifier: NONE,
        x: 2, y: 5, fg: Reset, bg: Reset, underline: Reset, modifier: DIM,
        x: 15, y: 5, fg: Reset, bg: Reset, underline: Reset, modifier: NONE,
        x: 27, y: 5, fg: Reset, bg: Reset, underline: Reset, modifier: DIM,
        x: 30, y: 5, fg: Reset, bg: Reset, underline: Reset, modifier: NONE,
        x: 54, y: 5, fg: Reset, bg: Reset, underline: Reset, modifier: DIM,
        x: 57, y: 5, fg: Reset, bg: Reset, underline: Reset, modifier: NONE,
        x: 2, y: 6, fg: Reset, bg: Reset, underline: Reset, modifier: DIM,
        x: 15, y: 6, fg: Reset, bg: Reset, underline: Reset, modifier: NONE,
        x: 2, y: 7, fg: Reset, bg: Reset, underline: Reset, modifier: DIM,
        x: 15, y: 7, fg: Reset, bg: Reset, underline: Reset, modifier: NONE,
        x: 2, y: 8, fg: Reset, bg: Reset, underline: Reset, modifier: DIM,
        x: 15, y: 8, fg: Reset, bg: Reset, underline: Reset, modifier: NONE,
        x: 4, y: 10, fg: Rgb(137, 180, 250), bg: Reset, underline: Reset, modifier: NONE,
        x: 8, y: 10, fg: Rgb(205, 214, 244), bg: Reset, underline: Reset, modifier: NONE,
        x: 28, y: 10, fg: Reset, bg: Reset, underline: Reset, modifier: NONE,
        x: 2, y: 12, fg: Reset, bg: Reset, underline: Reset, modifier: DIM,
        x: 80, y: 12, fg: Reset, bg: Reset, underline: Reset, modifier: NONE,
        x: 0, y: 14, fg: Cyan, bg: Reset, underline: Reset, modifier: BOLD,
        x: 21, y: 14, fg: Reset, bg: Reset, underline: Reset, modifier: NONE,
        x: 52, y: 15, fg: Reset, bg: Reset, underline: Reset, modifier: DIM,
        x: 53, y: 15, fg: Reset, bg: Reset, underline: Reset, modifier: NONE,
        x: 36, y: 16, fg: Reset, bg: Reset, underline: Reset, modifier: DIM,
        x: 37, y: 16, fg: Reset, bg: Reset, underline: Reset, modifier: NONE,
        x: 25, y: 17, fg: Reset, bg: Reset, underline: Reset, modifier: DIM,
        x: 28, y: 17, fg: Reset, bg: Reset, underline: Reset, modifier: NONE,
        x: 2, y: 19, fg: Reset, bg: Reset, underline: Reset, modifier: DIM,
    ]
}
