---
source: crates/surfaces/tui/src/bottom_pane/approval_overlay.rs.inc
expression: "normalize_snapshot_paths(render_overlay_lines(&view, 120))"
---

  approval required

  action kind  BASH  the agent wants to run a shell command
  cwd          /workspace
  context      runtime host · network inherit · writes requested (network; read `/tmp/readme.txt`; write
  `/tmp/out.txt`)
  risk         expanded permission profile · operator approval required
  policy       need filesystem access
  batch        batch 1/1 — policy-gated approval queue

  $ cat /tmp/readme.txt

  hotkeys  y approve once   a approve+remember   n reject   r reject with reason

› 1. approve once (y)
  2. reject with reason (esc)

  Press enter to confirm or esc to cancel
