---
source: tui/src/bottom_pane/chat_composer.rs
assertion_line: 7477
expression: terminal.backend()
---
"                                                            "
"› /res                                                      "
"                                                            "
"                                                            "
"                                                            "
"  /resume  resume a saved chat  partial / vac.sessions      "
